 
****************************************
Report : area
Design : fpnew_top
Version: S-2021.06-SP4
Date   : Sun Dec  3 18:57:31 2023
****************************************

Library(s) Used:

    NangateOpenCellLibrary (File: /eda/dk/nangate45/synopsys/NangateOpenCellLibrary_typical_ecsm_nowlm.db)

Number of ports:                          461
Number of nets:                          3323
Number of cells:                         2846
Number of combinational cells:           2580
Number of sequential cells:               249
Number of macros/black boxes:               0
Number of buf/inv:                        632
Number of references:                      50

Combinational area:               2869.873992
Buf/Inv area:                      383.040000
Noncombinational area:            1324.680043
Macro/Black Box area:                0.000000
Net Interconnect area:      undefined  (Wire load has zero net area)

Total cell area:                  4194.554035
Total area:                 undefined
1
