 
****************************************
Report : timing
        -path full
        -delay max
        -max_paths 1
Design : fpnew_top
Version: S-2021.06-SP4
Date   : Thu Nov 30 15:42:33 2023
****************************************

Operating Conditions: typical   Library: NangateOpenCellLibrary
Wire Load Model Mode: top

  Startpoint: CLK_r_REG144_S2
              (rising edge-triggered flip-flop clocked by CLK)
  Endpoint: status_o_UF_
            (output port clocked by CLK)
  Path Group: CLK
  Path Type: max

  Des/Clust/Port     Wire Load Model       Library
  ------------------------------------------------
  fpnew_top          5K_hvratio_1_1        NangateOpenCellLibrary

  Point                                                   Incr       Path
  --------------------------------------------------------------------------
  clock CLK (rise edge)                                   0.00       0.00
  clock network delay (ideal)                             0.00       0.00
  CLK_r_REG144_S2/CK (DFFR_X1)                            0.00       0.00 r
  CLK_r_REG144_S2/Q (DFFR_X1)                             0.12       0.12 r
  sub_1_root_gen_operation_groups_0__i_opgroup_block_gen_parallel_slices_2__active_format_i_fmt_slice_gen_num_lanes_0__active_lane_lane_instance_i_fma_add_512/A[6] (fpnew_top_DW01_sub_8)
                                                          0.00       0.12 r
  sub_1_root_gen_operation_groups_0__i_opgroup_block_gen_parallel_slices_2__active_format_i_fmt_slice_gen_num_lanes_0__active_lane_lane_instance_i_fma_add_512/U114/ZN (XNOR2_X1)
                                                          0.07       0.19 r
  sub_1_root_gen_operation_groups_0__i_opgroup_block_gen_parallel_slices_2__active_format_i_fmt_slice_gen_num_lanes_0__active_lane_lane_instance_i_fma_add_512/DIFF[6] (fpnew_top_DW01_sub_8)
                                                          0.00       0.19 r
  U781/ZN (NAND4_X1)                                      0.05       0.24 f
  U1261/ZN (OAI22_X1)                                     0.06       0.30 r
  U1784/ZN (NAND2_X1)                                     0.06       0.36 f
  U1058/ZN (INV_X2)                                       0.07       0.43 r
  U1860/ZN (NAND3_X1)                                     0.04       0.47 f
  U1091/ZN (OAI221_X1)                                    0.05       0.52 r
  U1003/ZN (NOR2_X1)                                      0.04       0.56 f
  U911/ZN (NAND2_X2)                                      0.06       0.62 r
  U1877/ZN (INV_X1)                                       0.04       0.66 f
  U1880/ZN (AOI22_X1)                                     0.06       0.72 r
  U1097/ZN (AND2_X2)                                      0.05       0.77 r
  U1092/ZN (NAND4_X2)                                     0.05       0.81 f
  U1907/ZN (INV_X1)                                       0.04       0.86 r
  U885/ZN (AND2_X2)                                       0.06       0.91 r
  U2048/ZN (AOI22_X1)                                     0.04       0.95 f
  U1082/ZN (AND2_X1)                                      0.04       0.99 f
  U2049/ZN (NOR4_X1)                                      0.09       1.09 r
  U1291/ZN (OAI221_X4)                                    0.09       1.18 f
  U2122/ZN (OAI211_X1)                                    0.04       1.22 r
  U926/ZN (AND3_X1)                                       0.06       1.28 r
  U748/ZN (AND3_X1)                                       0.05       1.33 r
  U899/ZN (AND2_X2)                                       0.05       1.37 r
  U893/ZN (AND2_X2)                                       0.05       1.42 r
  U1062/ZN (NAND2_X1)                                     0.03       1.46 f
  U1171/ZN (XNOR2_X1)                                     0.05       1.51 f
  U1079/ZN (OAI21_X1)                                     0.04       1.55 r
  U1076/ZN (NAND2_X1)                                     0.03       1.58 f
  U1049/ZN (NAND2_X1)                                     0.03       1.61 r
  U1016/ZN (AND2_X1)                                      0.05       1.66 r
  status_o_UF_ (out)                                      0.02       1.68 r
  data arrival time                                                  1.68

  clock CLK (rise edge)                                   2.18       2.18
  clock network delay (ideal)                             0.00       2.18
  output external delay                                  -0.50       1.68
  data required time                                                 1.68
  --------------------------------------------------------------------------
  data required time                                                 1.68
  data arrival time                                                 -1.68
  --------------------------------------------------------------------------
  slack (MET)                                                        0.00


1
