Information: Updating design information... (UID-85)
 
****************************************
Report : timing
        -path full
        -delay max
        -max_paths 1
Design : fpnew_top
Version: S-2021.06-SP4
Date   : Thu Nov 23 17:24:37 2023
****************************************

Operating Conditions: typical   Library: NangateOpenCellLibrary
Wire Load Model Mode: top

  Startpoint: op_i[2] (input port)
  Endpoint: in_ready_o (output port)
  Path Group: default
  Path Type: max

  Des/Clust/Port     Wire Load Model       Library
  ------------------------------------------------
  fpnew_top          5K_hvratio_1_1        NangateOpenCellLibrary

  Point                                    Incr       Path
  -----------------------------------------------------------
  input external delay                     0.00       0.00 f
  op_i[2] (in)                             0.00       0.00 f
  U749/ZN (OR2_X2)                         0.06       0.06 f
  U776/ZN (NOR3_X2)                        0.07       0.12 r
  in_ready_o (out)                         0.02       0.15 r
  data arrival time                                   0.15

  max_delay                                0.00       0.00
  output external delay                    0.00       0.00
  data required time                                  0.00
  -----------------------------------------------------------
  data required time                                  0.00
  data arrival time                                  -0.15
  -----------------------------------------------------------
  slack (VIOLATED)                                   -0.15


1
